nohup: ignoring input
================================================================================
HAB MULTI-LABEL CLF — BINARY RELEVANCE RF (CV-ONLY)
================================================================================

Loading: /home/server/pi/homes/rathorek/projects/HHAB_ROMS/datasets/GULF_OF_MAINE/processed_data/sentinel_3_L2_past3days/composite_features/composite_features.parquet
  Raw shape: 15,601 × 174
  After delta_days==0: 15,601 rows

============================================================
COMMON OBSERVATIONS
============================================================
  C2RCC     : 12,565 rows
  ACOLITE   : 9,701 rows
  Baseline  : 13,437 rows
  Common rows (all ACs): 9,283
  Common rows with ROMS: 9,283

  Applying median imputation...
    A_rrs_682                                filled 1,479 NaNs
    A_KBBI                                   filled 1,479 NaNs
    roms_u_sur                               filled 774 NaNs
    A_Fluorescence_Peak                      filled 1,479 NaNs
    roms_temp_sur                            filled 774 NaNs
    A_RBD                                    filled 1,479 NaNs
    A_DINI                                   filled 1,479 NaNs
    roms_Pair                                filled 774 NaNs
    roms_Vwind                               filled 774 NaNs
    A_EBI                                    filled 1,479 NaNs
    A_FLHmax                                 filled 1,479 NaNs
    roms_v_sur                               filled 774 NaNs
    A_FLH_681                                filled 1,479 NaNs
    roms_current_speed                       filled 774 NaNs
    roms_Uwind                               filled 774 NaNs
    roms_current_dir                         filled 774 NaNs
    roms_wind_speed                          filled 774 NaNs
    roms_salt_sur                            filled 774 NaNs
    roms_wind_dir                            filled 774 NaNs
    A_GBI                                    filled 1,479 NaNs
  Imputation complete.

  Building feature audit CSV...
  feature_audit.csv saved

══════════════════════════════════════════════════════════════════════
  AC: C2RCC  |  spectral: 32  |  ROMS: 12
══════════════════════════════════════════════════════════════════════

  ── Track: C2RCC_only  |  n=9,283  |  features=32

    Tier: WARNING
    Label statistics at 'warning' threshold:
      Alexandrium_catenella          bloom: 1,706 / 9,283  (18.4%)
      Dinophysis_acuminata           bloom: 3,897 / 9,283  (42.0%)
      Dinophysis_norvegica           bloom: 1,276 / 9,283  (13.7%)
      Karenia                        bloom: 2,518 / 9,283  (27.1%)
      Pseudo-nitzschia               bloom: 2,132 / 9,283  (23.0%)
      Rows ≥1 label: 6,631 (71.4%)  ≥2 labels: 3,077 (33.1%)
    Running 50-fold CV...
    Macro F1    : 0.526 ± 0.012  (median=0.527)
    Macro PR-AUC: 0.596 ± 0.012  (median=0.597)
    Hamming: 0.1339  Jaccard: 0.400  (folds: 50)
      Alexandrium_catenella          F1=0.550±0.037  AP=0.634±0.037
      Dinophysis_acuminata           F1=0.478±0.026  AP=0.502±0.031
      Dinophysis_norvegica           F1=0.080±0.032  AP=0.152±0.022
      Karenia                        F1=0.881±0.011  AP=0.967±0.005
      Pseudo-nitzschia               F1=0.643±0.026  AP=0.728±0.028
    ✓ Importance saved
    ✓ PR curves saved

    Tier: CLOSURE
    Label statistics at 'closure' threshold:
      Alexandrium_catenella          bloom: 1,310 / 9,283  (14.1%)
      Dinophysis_acuminata           bloom: 2,095 / 9,283  (22.6%)
      Dinophysis_norvegica           bloom:   255 / 9,283  (2.7%)
      Karenia                        bloom: 1,212 / 9,283  (13.1%)
      Pseudo-nitzschia               bloom:   381 / 9,283  (4.1%)
      Rows ≥1 label: 4,118 (44.4%)  ≥2 labels: 939 (10.1%)
    Running 50-fold CV...
    Macro F1    : 0.464 ± 0.026  (median=0.465)
    Macro PR-AUC: 0.520 ± 0.022  (median=0.518)
    Hamming: 0.0600  Jaccard: 0.338  (folds: 50)
      Alexandrium_catenella          F1=0.569±0.039  AP=0.657±0.041
      Dinophysis_acuminata           F1=0.333±0.043  AP=0.318±0.054
      Dinophysis_norvegica           F1=0.063±0.098  AP=0.087±0.072
      Karenia                        F1=0.804±0.016  AP=0.868±0.018
      Pseudo-nitzschia               F1=0.554±0.066  AP=0.671±0.061
    ✓ Importance saved
    ✓ PR curves saved

  ── Track: C2RCC_roms  |  n=9,283  |  features=44

    Tier: WARNING
    Label statistics at 'warning' threshold:
      Alexandrium_catenella          bloom: 1,706 / 9,283  (18.4%)
      Dinophysis_acuminata           bloom: 3,897 / 9,283  (42.0%)
      Dinophysis_norvegica           bloom: 1,276 / 9,283  (13.7%)
      Karenia                        bloom: 2,518 / 9,283  (27.1%)
      Pseudo-nitzschia               bloom: 2,132 / 9,283  (23.0%)
      Rows ≥1 label: 6,631 (71.4%)  ≥2 labels: 3,077 (33.1%)
    Running 50-fold CV...
    Macro F1    : 0.578 ± 0.012  (median=0.579)
    Macro PR-AUC: 0.646 ± 0.011  (median=0.647)
    Hamming: 0.1158  Jaccard: 0.455  (folds: 50)
      Alexandrium_catenella          F1=0.618±0.034  AP=0.707±0.030
      Dinophysis_acuminata           F1=0.499±0.026  AP=0.537±0.027
      Dinophysis_norvegica           F1=0.123±0.042  AP=0.185±0.030
      Karenia                        F1=0.912±0.009  AP=0.977±0.004
      Pseudo-nitzschia               F1=0.740±0.024  AP=0.825±0.025
    ✓ Importance saved
    ✓ PR curves saved

    Tier: CLOSURE
    Label statistics at 'closure' threshold:
      Alexandrium_catenella          bloom: 1,310 / 9,283  (14.1%)
      Dinophysis_acuminata           bloom: 2,095 / 9,283  (22.6%)
      Dinophysis_norvegica           bloom:   255 / 9,283  (2.7%)
      Karenia                        bloom: 1,212 / 9,283  (13.1%)
      Pseudo-nitzschia               bloom:   381 / 9,283  (4.1%)
      Rows ≥1 label: 4,118 (44.4%)  ≥2 labels: 939 (10.1%)
    Running 50-fold CV...
    Macro F1    : 0.535 ± 0.023  (median=0.537)
    Macro PR-AUC: 0.583 ± 0.020  (median=0.588)
    Hamming: 0.0515  Jaccard: 0.409  (folds: 50)
      Alexandrium_catenella          F1=0.653±0.041  AP=0.734±0.038
      Dinophysis_acuminata           F1=0.420±0.056  AP=0.423±0.056
      Dinophysis_norvegica           F1=0.068±0.102  AP=0.101±0.075
      Karenia                        F1=0.826±0.015  AP=0.875±0.018
      Pseudo-nitzschia               F1=0.706±0.054  AP=0.782±0.053
    ✓ Importance saved
    ✓ PR curves saved

  ✓ C2RCC complete

══════════════════════════════════════════════════════════════════════
  AC: ACOLITE  |  spectral: 31  |  ROMS: 12
══════════════════════════════════════════════════════════════════════

  ── Track: ACOLITE_only  |  n=9,283  |  features=31

    Tier: WARNING
    Label statistics at 'warning' threshold:
      Alexandrium_catenella          bloom: 1,706 / 9,283  (18.4%)
      Dinophysis_acuminata           bloom: 3,897 / 9,283  (42.0%)
      Dinophysis_norvegica           bloom: 1,276 / 9,283  (13.7%)
      Karenia                        bloom: 2,518 / 9,283  (27.1%)
      Pseudo-nitzschia               bloom: 2,132 / 9,283  (23.0%)
      Rows ≥1 label: 6,631 (71.4%)  ≥2 labels: 3,077 (33.1%)
    Running 50-fold CV...
    Macro F1    : 0.553 ± 0.013  (median=0.552)
    Macro PR-AUC: 0.622 ± 0.012  (median=0.622)
    Hamming: 0.1212  Jaccard: 0.427  (folds: 50)
      Alexandrium_catenella          F1=0.582±0.035  AP=0.677±0.030
      Dinophysis_acuminata           F1=0.474±0.023  AP=0.495±0.030
      Dinophysis_norvegica           F1=0.116±0.034  AP=0.184±0.025
      Karenia                        F1=0.904±0.010  AP=0.973±0.004
      Pseudo-nitzschia               F1=0.690±0.022  AP=0.781±0.025
    ✓ Importance saved
    ✓ PR curves saved

    Tier: CLOSURE
    Label statistics at 'closure' threshold:
      Alexandrium_catenella          bloom: 1,310 / 9,283  (14.1%)
      Dinophysis_acuminata           bloom: 2,095 / 9,283  (22.6%)
      Dinophysis_norvegica           bloom:   255 / 9,283  (2.7%)
      Karenia                        bloom: 1,212 / 9,283  (13.1%)
      Pseudo-nitzschia               bloom:   381 / 9,283  (4.1%)
      Rows ≥1 label: 4,118 (44.4%)  ≥2 labels: 939 (10.1%)
    Running 50-fold CV...
    Macro F1    : 0.480 ± 0.023  (median=0.481)
    Macro PR-AUC: 0.545 ± 0.021  (median=0.545)
    Hamming: 0.0548  Jaccard: 0.357  (folds: 50)
      Alexandrium_catenella          F1=0.605±0.041  AP=0.704±0.036
      Dinophysis_acuminata           F1=0.291±0.053  AP=0.315±0.050
      Dinophysis_norvegica           F1=0.077±0.101  AP=0.102±0.072
      Karenia                        F1=0.824±0.017  AP=0.879±0.019
      Pseudo-nitzschia               F1=0.602±0.061  AP=0.727±0.055
    ✓ Importance saved
    ✓ PR curves saved

  ── Track: ACOLITE_roms  |  n=9,283  |  features=43

    Tier: WARNING
    Label statistics at 'warning' threshold:
      Alexandrium_catenella          bloom: 1,706 / 9,283  (18.4%)
      Dinophysis_acuminata           bloom: 3,897 / 9,283  (42.0%)
      Dinophysis_norvegica           bloom: 1,276 / 9,283  (13.7%)
      Karenia                        bloom: 2,518 / 9,283  (27.1%)
      Pseudo-nitzschia               bloom: 2,132 / 9,283  (23.0%)
      Rows ≥1 label: 6,631 (71.4%)  ≥2 labels: 3,077 (33.1%)
    Running 50-fold CV...
    Macro F1    : 0.587 ± 0.012  (median=0.588)
    Macro PR-AUC: 0.654 ± 0.010  (median=0.654)
    Hamming: 0.1112  Jaccard: 0.463  (folds: 50)
      Alexandrium_catenella          F1=0.630±0.030  AP=0.718±0.027
      Dinophysis_acuminata           F1=0.490±0.024  AP=0.530±0.030
      Dinophysis_norvegica           F1=0.144±0.040  AP=0.205±0.028
      Karenia                        F1=0.919±0.008  AP=0.980±0.003
      Pseudo-nitzschia               F1=0.752±0.022  AP=0.840±0.021
    ✓ Importance saved
    ✓ PR curves saved

    Tier: CLOSURE
    Label statistics at 'closure' threshold:
      Alexandrium_catenella          bloom: 1,310 / 9,283  (14.1%)
      Dinophysis_acuminata           bloom: 2,095 / 9,283  (22.6%)
      Dinophysis_norvegica           bloom:   255 / 9,283  (2.7%)
      Karenia                        bloom: 1,212 / 9,283  (13.1%)
      Pseudo-nitzschia               bloom:   381 / 9,283  (4.1%)
      Rows ≥1 label: 4,118 (44.4%)  ≥2 labels: 939 (10.1%)
    Running 50-fold CV...
    Macro F1    : 0.538 ± 0.022  (median=0.541)
    Macro PR-AUC: 0.599 ± 0.021  (median=0.599)
    Hamming: 0.0481  Jaccard: 0.413  (folds: 50)
      Alexandrium_catenella          F1=0.664±0.037  AP=0.746±0.033
      Dinophysis_acuminata           F1=0.401±0.055  AP=0.448±0.056
      Dinophysis_norvegica           F1=0.083±0.109  AP=0.118±0.081
      Karenia                        F1=0.845±0.015  AP=0.886±0.018
      Pseudo-nitzschia               F1=0.698±0.046  AP=0.795±0.050
    ✓ Importance saved
    ✓ PR curves saved

  ✓ ACOLITE complete

══════════════════════════════════════════════════════════════════════
  AC: Baseline  |  spectral: 32  |  ROMS: 12
══════════════════════════════════════════════════════════════════════

  ── Track: Baseline_only  |  n=9,283  |  features=32

    Tier: WARNING
    Label statistics at 'warning' threshold:
      Alexandrium_catenella          bloom: 1,706 / 9,283  (18.4%)
      Dinophysis_acuminata           bloom: 3,897 / 9,283  (42.0%)
      Dinophysis_norvegica           bloom: 1,276 / 9,283  (13.7%)
      Karenia                        bloom: 2,518 / 9,283  (27.1%)
      Pseudo-nitzschia               bloom: 2,132 / 9,283  (23.0%)
      Rows ≥1 label: 6,631 (71.4%)  ≥2 labels: 3,077 (33.1%)
    Running 50-fold CV...
    Macro F1    : 0.514 ± 0.011  (median=0.515)
    Macro PR-AUC: 0.601 ± 0.012  (median=0.601)
    Hamming: 0.1265  Jaccard: 0.391  (folds: 50)
      Alexandrium_catenella          F1=0.538±0.031  AP=0.658±0.031
      Dinophysis_acuminata           F1=0.446±0.025  AP=0.463±0.029
      Dinophysis_norvegica           F1=0.075±0.034  AP=0.179±0.024
      Karenia                        F1=0.898±0.009  AP=0.971±0.004
      Pseudo-nitzschia               F1=0.614±0.031  AP=0.732±0.030
    ✓ Importance saved
    ✓ PR curves saved

    Tier: CLOSURE
    Label statistics at 'closure' threshold:
      Alexandrium_catenella          bloom: 1,310 / 9,283  (14.1%)
      Dinophysis_acuminata           bloom: 2,095 / 9,283  (22.6%)
      Dinophysis_norvegica           bloom:   255 / 9,283  (2.7%)
      Karenia                        bloom: 1,212 / 9,283  (13.1%)
      Pseudo-nitzschia               bloom:   381 / 9,283  (4.1%)
      Rows ≥1 label: 4,118 (44.4%)  ≥2 labels: 939 (10.1%)
    Running 50-fold CV...
    Macro F1    : 0.446 ± 0.024  (median=0.444)
    Macro PR-AUC: 0.527 ± 0.024  (median=0.527)
    Hamming: 0.0567  Jaccard: 0.326  (folds: 50)
      Alexandrium_catenella          F1=0.571±0.040  AP=0.681±0.038
      Dinophysis_acuminata           F1=0.263±0.046  AP=0.297±0.043
      Dinophysis_norvegica           F1=0.051±0.097  AP=0.110±0.080
      Karenia                        F1=0.803±0.017  AP=0.871±0.020
      Pseudo-nitzschia               F1=0.543±0.077  AP=0.676±0.062
    ✓ Importance saved
    ✓ PR curves saved

  ── Track: Baseline_roms  |  n=9,283  |  features=44

    Tier: WARNING
    Label statistics at 'warning' threshold:
      Alexandrium_catenella          bloom: 1,706 / 9,283  (18.4%)
      Dinophysis_acuminata           bloom: 3,897 / 9,283  (42.0%)
      Dinophysis_norvegica           bloom: 1,276 / 9,283  (13.7%)
      Karenia                        bloom: 2,518 / 9,283  (27.1%)
      Pseudo-nitzschia               bloom: 2,132 / 9,283  (23.0%)
      Rows ≥1 label: 6,631 (71.4%)  ≥2 labels: 3,077 (33.1%)
    Running 50-fold CV...
    Macro F1    : 0.572 ± 0.012  (median=0.573)
    Macro PR-AUC: 0.646 ± 0.011  (median=0.647)
    Hamming: 0.1122  Jaccard: 0.449  (folds: 50)
      Alexandrium_catenella          F1=0.607±0.036  AP=0.711±0.028
      Dinophysis_acuminata           F1=0.480±0.028  AP=0.513±0.029
      Dinophysis_norvegica           F1=0.130±0.038  AP=0.205±0.028
      Karenia                        F1=0.920±0.009  AP=0.979±0.003
      Pseudo-nitzschia               F1=0.724±0.026  AP=0.821±0.024
    ✓ Importance saved
    ✓ PR curves saved

    Tier: CLOSURE
    Label statistics at 'closure' threshold:
      Alexandrium_catenella          bloom: 1,310 / 9,283  (14.1%)
      Dinophysis_acuminata           bloom: 2,095 / 9,283  (22.6%)
      Dinophysis_norvegica           bloom:   255 / 9,283  (2.7%)
      Karenia                        bloom: 1,212 / 9,283  (13.1%)
      Pseudo-nitzschia               bloom:   381 / 9,283  (4.1%)
      Rows ≥1 label: 4,118 (44.4%)  ≥2 labels: 939 (10.1%)
    Running 50-fold CV...
    Macro F1    : 0.523 ± 0.027  (median=0.523)
    Macro PR-AUC: 0.585 ± 0.021  (median=0.580)
    Hamming: 0.0497  Jaccard: 0.397  (folds: 50)
      Alexandrium_catenella          F1=0.637±0.042  AP=0.739±0.033
      Dinophysis_acuminata           F1=0.405±0.053  AP=0.430±0.053
      Dinophysis_norvegica           F1=0.064±0.105  AP=0.103±0.078
      Karenia                        F1=0.830±0.014  AP=0.882±0.019
      Pseudo-nitzschia               F1=0.681±0.053  AP=0.771±0.058
    ✓ Importance saved
    ✓ PR curves saved

  ✓ Baseline complete

================================================================================
SAVING RESULTS
================================================================================
  global_comparison.csv  (12 rows)
  species_comparison.csv (60 rows)
  roms_delta_summary.csv
  recall_gain_summary.csv
  fold_level_results.csv (3000 rows)

================================================================================
MACRO CV F1 SUMMARY
================================================================================
track             ACOLITE_only  ACOLITE_roms  Baseline_only  Baseline_roms  C2RCC_only  C2RCC_roms
ac       tier                                                                                     
ACOLITE  closure         0.480         0.538            NaN            NaN         NaN         NaN
         warning         0.553         0.587            NaN            NaN         NaN         NaN
Baseline closure           NaN           NaN          0.446          0.523         NaN         NaN
         warning           NaN           NaN          0.514          0.572         NaN         NaN
C2RCC    closure           NaN           NaN            NaN            NaN       0.464       0.535
         warning           NaN           NaN            NaN            NaN       0.526       0.578

  ROMS delta:
    C2RCC      warning  ΔF1=+0.052
    ACOLITE    warning  ΔF1=+0.034
    Baseline   warning  ΔF1=+0.058
    C2RCC      closure  ΔF1=+0.070
    ACOLITE    closure  ΔF1=+0.058
    Baseline   closure  ΔF1=+0.077

DONE — run clf_plots.py to generate figures.
